
Start time: 24/2/2022 11:46:1


>> G E N E R A L   P A R A M E T E R S <<


3D analysis
Mesh2HRTF 1.0.0
Head-Related Transfer Functions

Number of frequency steps ................... = 4

First step .................................. = 0
Number of steps ............................. = 4
Step increment .............................. = 1e-06
Highest allowable frequency .................. = 7854.92



>> B A S I C   P A R A M E T E R S   F O R   B E M <<

Number of element groups .................... = 2
Total number of elements .................... = 17350
Number of boundary elements ................. = 2412
Number of evaluation elements ............... = 14938
Maximum edge length of boundary elements .... = 0.0140851
Average edge length of boundary elements .... = 0.0097297
Minimum edge length of boundary elements .... = 0.00705549

Total number of nodes ....................... = 8768
Number of nodes of the boundary elements .... = 1208
Number of nodes of the evaluation elements .. = 7560

Number of symmetric planes .................. = 0

Number of incident plane waves .............. = 0
Number of incident spharic waves ............ = 1

Sound speed ................................. = 343
Density of the medium ....................... = 1.1839

Diameter of the BE-mesh ..................... = 0.302936

Minimum number of terms in the FMM expansion. = 8

Exterior domain problem

Harmonic time factor = EXP(-i*omega*t)

methodSolver_  = 0: CGS iterative solver
methodPreconditioner_ = 0: incomplete LU-decomposition preconditioner

 No.   Freq.   Lambda/L_BE_Mesh  Lambda/L_Element
  1    1000      1.13225             54.43
  2    2000     0.566126            27.215
  3    3000     0.377417           18.1433
  4    4000     0.283063           13.6075




>> S T E P   N U M B E R   A N D   F R E Q U E N C Y <<

Step 2, Frequency = 2000 Hz

Direct multilevel fast multipole BEM

Number of equations = 2412

Informations about clusters:
   Level    Num. of clusters    Maximum radius   Minimum radius
     0           56                0.0388308         0.0149373
     1          241                0.0222506         0.00602743
 resu. nets     368                0.0338797         0.0109746


Informations about the FMM expansion:
   Level    N. expa. terms    N. p. theta    N. p. phi    N. p. sphere
     0           8               8              16           128
     1           8               8              16           128

Nonzeros of the near field matrix ..................... = 298296
Nonzeros of the T-matrix .............................. = 617472
    Nonzeros of T_lev_0 ............................... = 308736
    Nonzeros of T_lev_1 ............................... = 308736
Nonzeros of the D-matrices ............................ = 1344768
    Nonzeros of D_lev_0 ............................... = 331520
    Nonzeros of D_lev_1 ............................... = 1013248
Nonzeros of the S-matrix .............................. = 617472
    Nonzeros of S_lev_0 ............................... = 308736
    Nonzeros of S_lev_1 ............................... = 308736
Sum of nonzeros of the FMBEM matrices ................. = 2878008
Warning: Maximum number of iterations is reached!


CGS solver: number of iterations = 1, relative error = 2.42149

Time Statistic For The Current Step (In Second)

Assembling the equation system         : 1
Solving the equation system            : 0
Post processing                        : 3
Total                                  : 4



>> S T E P   N U M B E R   A N D   F R E Q U E N C Y <<

Step 3, Frequency = 3000 Hz


Informations about the FMM expansion:
   Level    N. expa. terms    N. p. theta    N. p. phi    N. p. sphere
     0           8               8              16           128
     1           8               8              16           128

Nonzeros of the near field matrix ..................... = 298296
Nonzeros of the T-matrix .............................. = 617472
    Nonzeros of T_lev_0 ............................... = 308736
    Nonzeros of T_lev_1 ............................... = 308736
Nonzeros of the D-matrices ............................ = 1344768
    Nonzeros of D_lev_0 ............................... = 331520
    Nonzeros of D_lev_1 ............................... = 1013248
Nonzeros of the S-matrix .............................. = 617472
    Nonzeros of S_lev_0 ............................... = 308736
    Nonzeros of S_lev_1 ............................... = 308736
Sum of nonzeros of the FMBEM matrices ................. = 2878008
Warning: Maximum number of iterations is reached!


CGS solver: number of iterations = 1, relative error = 0.901603

Time Statistic For The Current Step (In Second)

Assembling the equation system         : 2
Solving the equation system            : 0
Post processing                        : 3
Total                                  : 5



>> T I M E   S T A T I S T I C   (In   Second) <<

Input                                  : 0
Address computation                    : 0
Assembling the equation system         : 3
Solving the equation system            : 0
Post processing                        : 6
The whole job                          : 9

End time: 24/2/2022 11:46:10
