
Start time: 18/1/2022 12:52:32


>> G E N E R A L   P A R A M E T E R S <<


3D analysis
Mesh2HRTF 1.0.0
Head-Related Transfer Functions

Number of frequency steps ................... = 4

First step .................................. = 0
Number of steps ............................. = 4
Step increment .............................. = 1e-06
Highest allowable frequency .................. = 20330



>> B A S I C   P A R A M E T E R S   F O R   B E M <<

Number of element groups .................... = 2
Total number of elements .................... = 23576
Number of boundary elements ................. = 20480
Number of evaluation elements ............... = 3096
Maximum edge length of boundary elements .... = 0.00413484
Average edge length of boundary elements .... = 0.00375927
Minimum edge length of boundary elements .... = 0.00284279

Total number of nodes ....................... = 11792
Number of nodes of the boundary elements .... = 10242
Number of nodes of the evaluation elements .. = 1550

Number of symmetric planes .................. = 0

Number of incident plane waves .............. = 0
Number of incident spharic waves ............ = 0

Sound speed ................................. = 343
Density of the medium ....................... = 1.1839

Diameter of the BE-mesh ..................... = 0.34641

Minimum number of terms in the FMM expansion. = 8

Exterior domain problem

Harmonic time factor = EXP(-i*omega*t)

methodSolver_  = 0: CGS iterative solver
methodPreconditioner_ = 0: incomplete LU-decomposition preconditioner

 No.   Freq.   Lambda/L_BE_Mesh  Lambda/L_Element
  1    1000     0.990156            138.49
  2    2000     0.495078           69.2452
  3    3000     0.330052           46.1634
  4    4000     0.247539           34.6226




>> S T E P   N U M B E R   A N D   F R E Q U E N C Y <<

Step 1, Frequency = 1000 Hz

Direct multilevel fast multipole BEM

Number of equations = 20480

Informations about clusters:
   Level    Num. of clusters    Maximum radius   Minimum radius
     0          128                0.0294492         0.0166818
     1          572                0.0149145         0.00403955
 resu. nets    1550                     0              0


Informations about the FMM expansion:
   Level    N. expa. terms    N. p. theta    N. p. phi    N. p. sphere
     0           8               8              16           128
     1           8               8              16           128

Nonzeros of the near field matrix ..................... = 8728048
Nonzeros of the T-matrix .............................. = 5242880
    Nonzeros of T_lev_0 ............................... = 2621440
    Nonzeros of T_lev_1 ............................... = 2621440
Nonzeros of the D-matrices ............................ = 4898048
    Nonzeros of D_lev_0 ............................... = 1921024
    Nonzeros of D_lev_1 ............................... = 2977024
Nonzeros of the S-matrix .............................. = 5242880
    Nonzeros of S_lev_0 ............................... = 2621440
    Nonzeros of S_lev_1 ............................... = 2621440
Sum of nonzeros of the FMBEM matrices ................. = 24111856

CGS solver: number of iterations = 38, relative error = 5.77009e-10

Time Statistic For The Current Step (In Second)

Assembling the equation system         : 22
Solving the equation system            : 16
Post processing                        : 4
Total                                  : 42



>> S T E P   N U M B E R   A N D   F R E Q U E N C Y <<

Step 2, Frequency = 2000 Hz


Informations about the FMM expansion:
   Level    N. expa. terms    N. p. theta    N. p. phi    N. p. sphere
     0           8               8              16           128
     1           8               8              16           128

Nonzeros of the near field matrix ..................... = 8728048
Nonzeros of the T-matrix .............................. = 5242880
    Nonzeros of T_lev_0 ............................... = 2621440
    Nonzeros of T_lev_1 ............................... = 2621440
Nonzeros of the D-matrices ............................ = 4898048
    Nonzeros of D_lev_0 ............................... = 1921024
    Nonzeros of D_lev_1 ............................... = 2977024
Nonzeros of the S-matrix .............................. = 5242880
    Nonzeros of S_lev_0 ............................... = 2621440
    Nonzeros of S_lev_1 ............................... = 2621440
Sum of nonzeros of the FMBEM matrices ................. = 24111856

CGS solver: number of iterations = 35, relative error = 2.33754e-10

Time Statistic For The Current Step (In Second)

Assembling the equation system         : 22
Solving the equation system            : 14
Post processing                        : 5
Total                                  : 41



>> S T E P   N U M B E R   A N D   F R E Q U E N C Y <<

Step 3, Frequency = 3000 Hz


Informations about the FMM expansion:
   Level    N. expa. terms    N. p. theta    N. p. phi    N. p. sphere
     0           8               8              16           128
     1           8               8              16           128

Nonzeros of the near field matrix ..................... = 8728048
Nonzeros of the T-matrix .............................. = 5242880
    Nonzeros of T_lev_0 ............................... = 2621440
    Nonzeros of T_lev_1 ............................... = 2621440
Nonzeros of the D-matrices ............................ = 4898048
    Nonzeros of D_lev_0 ............................... = 1921024
    Nonzeros of D_lev_1 ............................... = 2977024
Nonzeros of the S-matrix .............................. = 5242880
    Nonzeros of S_lev_0 ............................... = 2621440
    Nonzeros of S_lev_1 ............................... = 2621440
Sum of nonzeros of the FMBEM matrices ................. = 24111856

CGS solver: number of iterations = 27, relative error = 5.65448e-10

Time Statistic For The Current Step (In Second)

Assembling the equation system         : 23
Solving the equation system            : 13
Post processing                        : 5
Total                                  : 41



>> S T E P   N U M B E R   A N D   F R E Q U E N C Y <<

Step 4, Frequency = 4000 Hz


Informations about the FMM expansion:
   Level    N. expa. terms    N. p. theta    N. p. phi    N. p. sphere
     0           8               8              16           128
     1           8               8              16           128

Nonzeros of the near field matrix ..................... = 8728048
Nonzeros of the T-matrix .............................. = 5242880
    Nonzeros of T_lev_0 ............................... = 2621440
    Nonzeros of T_lev_1 ............................... = 2621440
Nonzeros of the D-matrices ............................ = 4898048
    Nonzeros of D_lev_0 ............................... = 1921024
    Nonzeros of D_lev_1 ............................... = 2977024
Nonzeros of the S-matrix .............................. = 5242880
    Nonzeros of S_lev_0 ............................... = 2621440
    Nonzeros of S_lev_1 ............................... = 2621440
Sum of nonzeros of the FMBEM matrices ................. = 24111856

CGS solver: number of iterations = 26, relative error = 6.77696e-10

Time Statistic For The Current Step (In Second)

Assembling the equation system         : 22
Solving the equation system            : 13
Post processing                        : 5
Total                                  : 40



>> T I M E   S T A T I S T I C   (In   Second) <<

Input                                  : 1
Address computation                    : 0
Assembling the equation system         : 89
Solving the equation system            : 56
Post processing                        : 19
The whole job                          : 165

End time: 18/1/2022 12:55:17
